// Jest Snapshot v1, https://goo.gl/fbAQLP

exports[`Footer Component Should match snapshot 1`] = `
<div
  className="container"
>
  <div
    className="footer"
  >
    <div
      className="row"
    >
      <p
        className="copyright-text"
      >
        Â© 2018, iReporter
      </p>
    </div>
  </div>
</div>
`;
