// Jest Snapshot v1, https://goo.gl/fbAQLP

exports[`Navbar Component Should match snapshot 1`] = `
<div>
  <div
    className="nav"
  >
    <div
      className="container"
    >
      <div
        className="brand"
      >
        <a
          href="./"
        >
          iReporter
        </a>
      </div>
      <label
        htmlFor="toggle"
      >
        â˜°
      </label>
      <input
        id="toggle"
        type="checkbox"
      />
      <div
        className="menu"
      >
        <a
          href="./signup"
        >
          signup
        </a>
        <a
          href="#"
        >
          login
        </a>
      </div>
    </div>
  </div>
</div>
`;
