// Jest Snapshot v1, https://goo.gl/fbAQLP

exports[`App Component Should match snapshot 1`] = `
<Provider
  store={
    Object {
      "dispatch": [Function],
      "getState": [Function],
      "replaceReducer": [Function],
      "subscribe": [Function],
      Symbol(observable): [Function],
    }
  }
>
  <div>
    <h1>
      Welcome to iReporter!
    </h1>
  </div>
</Provider>
`;
